state	power	likelihood
4	0.01024	-22787.2
5	0.01024	-22566.6
6	0.01024	-22623
7	0.01024	-22504.7
8	0.01024	-22416.2
9	0.01024	-22620.9
10	0.01024	-22550.3
