state	power	likelihood
4	0.16807	-21347.9
5	0.16807	-21334
6	0.16807	-21340.9
7	0.16807	-21345.9
8	0.16807	-21324.8
9	0.16807	-21351.6
10	0.16807	-21358.2
