state	power	likelihood
4	1e-05	-26932.7
5	1e-05	-28504.1
6	1e-05	-28074.6
7	1e-05	-27242.3
8	1e-05	-30914.7
9	1e-05	-27128.3
10	1e-05	-27288.3
