state	power	likelihood
4	0.59049	-21266.5
5	0.59049	-21270.8
6	0.59049	-21271.2
7	0.59049	-21266
8	0.59049	-21264
9	0.59049	-21271.2
10	0.59049	-21263.9
