state	power	likelihood
4	0.00032	-25547.2
5	0.00032	-26081.7
6	0.00032	-26125.8
7	0.00032	-25547.9
8	0.00032	-26704.1
9	0.00032	-26390.9
10	0.00032	-26389.5
