state	power	likelihood
4	0.07776	-21542.4
5	0.07776	-21558.7
6	0.07776	-21535.8
7	0.07776	-21530.6
8	0.07776	-21572.8
9	0.07776	-21631.1
10	0.07776	-21629.1
