state	power	likelihood
4	1	-21261.9
5	1	-21262.5
6	1	-21256.3
7	1	-21256.9
8	1	-21256.5
9	1	-21257
10	1	-21258.7
