state	power	likelihood
4	0.03125	-21814.8
5	0.03125	-21769.3
6	0.03125	-21803.7
7	0.03125	-21838.4
8	0.03125	-21761.9
9	0.03125	-21778.6
10	0.03125	-21813.6
