state	power	likelihood
4	1.16658e-302	-27606.9
5	1.16658e-302	-27381.5
6	1.16658e-302	-27208.3
7	1.16658e-302	-31308
8	1.16658e-302	-30906.4
9	1.16658e-302	-30354.4
10	1.16658e-302	-32056.9
