state	power	likelihood
4	0.00243	-23818.8
5	0.00243	-23465.1
6	0.00243	-23362.2
7	0.00243	-23319.5
8	0.00243	-23722.5
9	0.00243	-24379
10	0.00243	-23802.4
