state	power	likelihood
4	0.32768	-21302
5	0.32768	-21293
6	0.32768	-21265.9
7	0.32768	-21285.8
8	0.32768	-21300.1
9	0.32768	-21294.4
10	0.32768	-21312.4
