Iteration	Posterior	Likelihood	Prior	clado_demipoly	clado_fission	clado_fusion	clado_no_change	clado_polyploid	delta	delta_l	eta	gamma	gamma_l	root_frequencies[1]	root_frequencies[2]	root_frequencies[3]	root_frequencies[4]	root_frequencies[5]	root_frequencies[6]	root_frequencies[7]	root_frequencies[8]	root_frequencies[9]	root_frequencies[10]	root_frequencies[11]	root_frequencies[12]	root_frequencies[13]	root_frequencies[14]	root_frequencies[15]	root_frequencies[16]	root_frequencies[17]	root_frequencies[18]	root_frequencies[19]	turnover
0	-141.298	-184.285	42.9875	0	0	0	0.4877406	0.0004497986	0.004723498	0.1634523	0.002258669	0	0	0.014756	0.0171103	0.0661992	0.0209169	0.0284284	0.0227144	0.242249	0.0418935	0.0243834	0.121697	0.1904	0.0697727	0.00282854	0.0283096	0.0183309	0.0301748	0.00941122	0.0146552	0.0357694	0.248354
1	-124.683	-176.963	52.2801	0.002271162	0.002090284	0	0.4529587	0	0.004723498	0.1634523	0.002258669	0	-0.1486726	0.0138471	0.0621218	0.0160564	0.0196286	0.0266774	0.0213153	0.227328	0.0393132	0.084475	0.0654752	0.178673	0.00265432	0.0172018	0.0265659	0.114201	0.0283162	0.00883155	0.0137525	0.0335662	0.248354
2	-134.503	-176.735	42.2326	0.004038422	0.01840278	0	0.4529587	0	0.00553991	0.1634523	0	0	0	0.01596	0.0716008	0.0185064	0.0235052	0.030748	0.0245677	0.0700581	0.205936	0.0973648	0.0754658	0.0453119	0.00305933	0.0198266	0.0306196	0.0101791	0.0326369	0.131626	0.0543395	0.038688	0.9745374
